2026-06-07T21:52:12.236671400 - Executed: DrawCommand
2026-06-07T21:52:16.878017700 - Executed: DrawCommand
2026-06-07T22:00:16.619183900 - Executed: DrawCommand
2026-06-07T22:00:21.628146500 - Executed: DrawCommand
2026-06-07T22:00:28.831046900 - Executed: DrawCommand
2026-06-07T22:00:32.734005700 - Executed: ClearCommand
2026-06-07T22:00:41.426949500 - Executed: DrawCommand
2026-06-07T22:00:42.847183900 - Executed: DrawCommand
2026-06-07T22:00:47.041074600 - Executed: DrawCommand
2026-06-07T22:00:51.495850100 - Executed: ClearCommand
2026-06-07T22:00:58.978721700 - Executed: DrawCommand
2026-06-07T22:01:06.130062100 - Executed: DrawCommand
2026-06-07T22:01:14.193965100 - Executed: DrawCommand
2026-06-07T22:01:15.074707500 - Executed: DrawCommand
2026-06-07T22:01:16.103563800 - Executed: DrawCommand
2026-06-07T22:01:16.332187800 - Executed: DrawCommand
2026-06-07T22:01:17.545945800 - Executed: DrawCommand
2026-06-07T22:01:22.284517800 - Executed: ClearCommand
2026-06-08T12:09:10.384996700 - Executed: DrawCommand
2026-06-08T12:09:12.875906600 - Executed: DrawCommand
2026-06-08T12:09:13.413911300 - Executed: DrawCommand
2026-06-08T12:09:13.906649500 - Executed: DrawCommand
2026-06-08T12:09:14.204933200 - Executed: DrawCommand
2026-06-08T12:09:14.479476500 - Executed: DrawCommand
2026-06-08T12:09:15.115772700 - Executed: DrawCommand
2026-06-08T12:09:15.540337400 - Executed: DrawCommand
2026-06-08T12:09:15.840150 - Executed: DrawCommand
2026-06-08T12:09:18.615881900 - Executed: DrawCommand
2026-06-08T12:09:26.534538 - Executed: DrawCommand
2026-06-08T12:09:29.411861200 - Executed: DrawCommand
2026-06-08T12:09:31.334532900 - Executed: DrawCommand
2026-06-08T12:09:33.301625 - Executed: DrawCommand
2026-06-08T12:09:34.461224200 - Executed: DrawCommand
2026-06-08T12:09:35.791765200 - Executed: DrawCommand
2026-06-08T12:09:37.755352600 - Executed: DrawCommand
2026-06-08T12:09:40.024265200 - Executed: DecorateAllCommand
2026-06-08T12:09:40.581549900 - Executed: DecorateAllCommand
2026-06-08T12:09:42.206263 - Executed: DecorateAllCommand
2026-06-08T12:09:46.257699800 - Undid: DecorateAllCommand
2026-06-08T12:09:46.662476400 - Undid: DecorateAllCommand
2026-06-08T12:09:47.011766 - Undid: DecorateAllCommand
2026-06-08T12:09:47.246228200 - Undid: DrawCommand
2026-06-08T12:09:48.796368300 - Redid: DrawCommand
2026-06-08T12:09:49.677099400 - Undid: DrawCommand
2026-06-08T12:09:55.688130400 - Executed: DrawCommand
2026-06-08T12:10:06.158966700 - Executed: DrawCommand
2026-06-08T12:14:51.765151600 - Executed: DrawCommand
2026-06-08T12:14:52.719083300 - Executed: DrawCommand
2026-06-08T12:14:58.170388700 - Executed: DrawCommand
2026-06-08T12:15:00.322217600 - Executed: DrawCommand
2026-06-08T12:15:02.300200300 - Executed: DrawCommand
2026-06-08T12:15:06.251322600 - Executed: ClearCommand
2026-06-08T12:15:07.717111500 - Executed: DrawCommand
2026-06-08T12:15:21.402760600 - Executed: DrawCommand
2026-06-08T12:15:23.233666900 - Executed: DrawCommand
2026-06-08T12:15:26.876390 - Executed: DrawCommand
2026-06-08T12:15:27.276937100 - Executed: DrawCommand
2026-06-08T12:15:41.921549600 - Executed: DrawCommand
2026-06-08T12:15:42.439542100 - Executed: DrawCommand
2026-06-08T12:15:46.308309100 - Executed: DrawCommand
2026-06-08T12:15:47.902602600 - Executed: ClearCommand
2026-06-08T12:15:51.226266900 - Executed: DrawCommand
2026-06-08T12:15:53.209536200 - Executed: DrawCommand
2026-06-08T12:15:54.417451200 - Executed: DrawCommand
2026-06-08T12:15:55.694490500 - Executed: DrawCommand
2026-06-08T12:16:32.780103800 - Executed: DrawCommand
2026-06-08T12:16:33.491159100 - Executed: DrawCommand
2026-06-08T12:16:35.770051800 - Executed: ClearCommand
2026-06-08T12:16:36.514974600 - Executed: DrawCommand
2026-06-08T12:16:38.844208500 - Executed: DrawCommand
2026-06-08T12:16:39.461002800 - Executed: DrawCommand
2026-06-08T12:16:41.232082 - Executed: ClearCommand
2026-06-08T12:16:43.787561500 - Executed: DrawCommand
2026-06-08T12:16:44.291089600 - Executed: DrawCommand
2026-06-08T12:16:44.706248600 - Executed: DrawCommand
2026-06-08T12:16:45.088873 - Executed: DrawCommand
2026-06-08T12:16:46.845227700 - Executed: ClearCommand
2026-06-08T12:16:49.157728500 - Executed: DecorateAllCommand
2026-06-08T12:16:49.869933900 - Executed: DrawCommand
2026-06-08T12:22:14.224677400 - Executed: DrawCommand
2026-06-08T12:22:15.178593700 - Executed: DrawCommand
2026-06-08T12:22:17.386351900 - Executed: DrawCommand
2026-06-08T12:22:47.968776 - Executed: DrawCommand
2026-06-08T12:22:49.024214800 - Executed: DrawCommand
2026-06-08T12:22:51.705339500 - Executed: ClearCommand
2026-06-09T10:48:49.895732300 - Executed: DrawCommand
2026-06-09T10:48:59.694031900 - Executed: DecorateAllCommand
2026-06-09T10:49:01.988545 - Executed: ClearCommand
2026-06-09T10:49:04.418446800 - Executed: ClearCommand
2026-06-09T10:49:05.784780500 - Executed: DrawCommand
2026-06-09T10:49:06.198428400 - Executed: DrawCommand
2026-06-09T10:49:09.164404200 - Executed: DrawCommand
2026-06-09T10:49:10.884546600 - Executed: ClearCommand
2026-06-09T10:49:12.052493100 - Executed: ClearCommand
2026-06-09T10:49:13.771533900 - Executed: ClearCommand
2026-06-09T10:49:14.281359700 - Undid: ClearCommand
2026-06-09T10:49:14.516540700 - Undid: ClearCommand
2026-06-09T10:49:14.716847700 - Undid: ClearCommand
2026-06-09T10:49:17.270909200 - Undid: DrawCommand
